<html>
<body>
<pre>
<h1>µVision Build Log</h1>
<h2>Tool Versions:</h2>
IDE-Version: µVision V5.43.0.0
Copyright (C) 2025 ARM Ltd and ARM Germany GmbH. All rights reserved.
License Information: alihan cakir, owner, LIC=6XJT4-FRGQW-KUS4L-0J0YY-Z0PQG-1LN7B
 
Tool Versions:
Toolchain:       MDK-ARM Professional  Version: 5.43.0.0
Toolchain Path:  C:\Users\Nitro\AppData\Local\Keil_v5\ARM\ARMCLANG\Bin
C Compiler:      ArmClang.exe V6.24
Assembler:       Armasm.exe V6.24
Linker/Locator:  ArmLink.exe V6.24
Library Manager: ArmAr.exe V6.24
Hex Converter:   FromElf.exe V6.24
CPU DLL:         SARMCM3.DLL V5.43.0.0
Dialog DLL:      DARMCM1.DLL V1.19.6.0
Target DLL:      NULink\Nu_Link.dll V3.21
Dialog DLL:      TARMCM1.DLL V1.14.6.0
 
<h2>Project:</h2>
C:\Users\Nitro\Desktop\Netelsan\keil_nuvoton_all_files\MyGPIOProject\Keil\MyGPIOProject.uvprojx
Project File Date:  08/13/2025

<h2>Output:</h2>
*** Using Compiler 'V6.24', folder: 'C:\Users\Nitro\AppData\Local\Keil_v5\ARM\ARMCLANG\Bin'
Rebuild target 'Template'
creating preprocessor file for system_M031Series.c...
creating preprocessor file for retarget.c...
compiling system_M031Series.c...
assembling startup_M031Series.s...
creating list file for system_M031Series.c...
compiling retarget.c...
creating list file for retarget.c...
creating preprocessor file for clk.c...
creating preprocessor file for uart.c...
creating list file for gpio.c...
creating list file for clk.c...
compiling uart.c...
creating preprocessor file for gpio.c...
creating list file for uart.c...
compiling clk.c...
creating list file for main.c...
creating preprocessor file for main.c...
compiling gpio.c...
creating preprocessor file for gpio_config.c...
compiling main.c...
creating list file for gpio_config.c...
compiling gpio_config.c...
creating preprocessor file for MyGPIOProject_config_1.c...
creating list file for MyGPIOProject_config_1.c...
compiling MyGPIOProject_config_1.c...
linking...
Program Size: Code=2276 RO-data=296 RW-data=16 ZI-data=600  
After Build - User command #1: fromelf --bin ".\obj\template.axf" --output ".\obj\template.bin"
After Build - User command #2: fromelf --text -c ".\obj\template.axf" --output ".\obj\template.txt"
".\obj\template.axf" - 0 Error(s), 0 Warning(s).

<h2>Software Packages used:</h2>

Package Vendor: Nuvoton
                https://github.com/OpenNuvoton/cmsis-packs/raw/master/Nuvoton_DFP/Nuvoton.NuMicroM0_DFP.1.0.0.pack
                Nuvoton::NuMicroM0_DFP@1.0.0
                Nuvoton ARM Cortex-M0 NuMicro Family Device Support

<h2>Collection of Component include folders:</h2>
  C:/Users/Nitro/AppData/Local/Arm/Packs/Nuvoton/NuMicroM0_DFP/1.0.0/Device/M031/Include

<h2>Collection of Component Files used:</h2>
Build Time Elapsed:  00:00:03
</pre>
</body>
</html>
